// Jest Snapshot v1, https://goo.gl/fbAQLP

exports[`ListSeries component Render ListSeries 1`] = `
<withRouter(ListSeries)
  loadPosterSeason={[Function]}
  loadingSeries={[Function]}
  showSerie={[Function]}
  store={
    Object {
      "clearActions": [Function],
      "dispatch": [Function],
      "getActions": [Function],
      "getState": [Function],
      "replaceReducer": [Function],
      "subscribe": [Function],
    }
  }
/>
`;
